// Jest Snapshot v1, https://goo.gl/fbAQLP

exports[`About component matches snapshot 1`] = `
<DocumentFragment>
  <section
    class="my-5"
  >
    <h1
      id="about"
    >
      Who am I?
    </h1>
    <img
      alt="cover"
      class="my-2"
      src="MiguelJerome.png"
      style="width: 100%;"
    />
    <div
      class="my-2"
    >
      <p>
        Hi, my name is Miguel Jerome, and I'm currently a student from the University of Ottawa full stack web development and also a student from La Cite collegiale of Ottawa studying Computer Programming.
        <br />
        I m pleased to show you my present work, and hopefully, you see the potential in me.
        <br />
        I speak French and English.
        <br />
      </p>
    </div>
  </section>
</DocumentFragment>
`;

exports[`Portfolio component matches snapshot 1`] = `
<DocumentFragment>
  <section
    class="my-5"
  >
    <h1
      id="portfolio"
    >
      Portfolio
    </h1>
    <a
      href="https://migueljerome.github.io/run-buddy/"
    >
      <section
        class="run-buddy"
      >
        <h4
          class="tilteProject"
        >
          Run Buddy Deployed
        </h4>
      </section>
    </a>
    <a
      href="https://github.com/MiguelJerome/run-buddy"
    >
      <h4
        class="tilteProject"
      >
        Run Buddy GitHub
      </h4>
    </a>
    <a
      href="https://migueljerome.github.io/famille/gameLevel.html"
    >
      <section
        class="famille"
      >
        <h4
          class="tilteProject"
        >
          Family Card Game Deployed
        </h4>
      </section>
    </a>
    <a
      href="https://github.com/MiguelJerome/famille"
    >
      <h4
        class="tilteProject"
      >
        Family Card Game GitHub
      </h4>
    </a>
    <a
      href="https://migueljerome.github.io/cssLab09/#"
    >
      <section
        class="pleinAir"
      >
        <h4
          class="tilteProject"
        >
          Plain Air Deployed
        </h4>
      </section>
    </a>
    <a
      href="https://github.com/MiguelJerome/cssLab09"
    >
      <h4
        class="tilteProject"
      >
        Plein Air GitHub
      </h4>
    </a>
    <a
      href="https://intense-river-11690.herokuapp.com/"
    >
      <section
        class="textEditor"
      >
        <h4
          class="tilteProject"
        >
          Text Editor Deployed
        </h4>
      </section>
    </a>
    <a
      href="https://github.com/MiguelJerome/text-editor-new"
    >
      <h4
        class="tilteProject"
      >
        Text Editor GitHub
      </h4>
    </a>
    <a
      href="https://migueljerome.github.io/taskinator/"
    >
      <section
        class="taskinator"
      >
        <h4
          class="tilteProject"
        >
          Taskinator Deployed
        </h4>
      </section>
    </a>
    <a
      href="https://github.com/MiguelJerome/taskinator"
    >
      <h4
        class="tilteProject"
      >
        Taskinator GitHub
      </h4>
    </a>
    <a
      href="https://migueljerome.github.io/lab7/"
    >
      <section
        class="chocoChoco"
      >
        <h4
          class="tilteProject"
        >
          Choco Choco Deployed
        </h4>
      </section>
    </a>
    <a
      href="https://github.com/MiguelJerome/lab7"
    >
      <h4
        class="tilteProject"
      >
        Choco Choco GitHub
      </h4>
    </a>
  </section>
</DocumentFragment>
`;
